// Jest Snapshot v1, https://goo.gl/fbAQLP

exports[`Renders without error 1`] = `
Object {
  "asFragment": [Function],
  "baseElement": .emotion-0 {
  margin: 0.75rem;
  padding: 1.5rem 2rem;
  border-radius: 12px;
  border: 2px solid #6666ff;
  text-align: center;
  font-size: 1rem;
}

@media only screen and (min-width:640px) {
  .emotion-0 {
    font-size: 1.1rem;
  }
}

.emotion-0 {
  margin: 0.75rem;
  padding: 1.5rem 2rem;
  border-radius: 12px;
  border: 2px solid #6666ff;
  text-align: center;
  font-size: 1rem;
}

@media only screen and (min-width:640px) {
  .emotion-0 {
    font-size: 1.1rem;
  }
}

<body>
    <div>
      <div
        class="emotion-0"
      />
    </div>
  </body>,
  "container": .emotion-0 {
  margin: 0.75rem;
  padding: 1.5rem 2rem;
  border-radius: 12px;
  border: 2px solid #6666ff;
  text-align: center;
  font-size: 1rem;
}

@media only screen and (min-width:640px) {
  .emotion-0 {
    font-size: 1.1rem;
  }
}

.emotion-0 {
  margin: 0.75rem;
  padding: 1.5rem 2rem;
  border-radius: 12px;
  border: 2px solid #6666ff;
  text-align: center;
  font-size: 1rem;
}

@media only screen and (min-width:640px) {
  .emotion-0 {
    font-size: 1.1rem;
  }
}

<div>
    <div
      class="emotion-0"
    />
  </div>,
  "debug": [Function],
  "findAllByAltText": [Function],
  "findAllByDisplayValue": [Function],
  "findAllByLabelText": [Function],
  "findAllByPlaceholderText": [Function],
  "findAllByRole": [Function],
  "findAllByTestId": [Function],
  "findAllByText": [Function],
  "findAllByTitle": [Function],
  "findByAltText": [Function],
  "findByDisplayValue": [Function],
  "findByLabelText": [Function],
  "findByPlaceholderText": [Function],
  "findByRole": [Function],
  "findByTestId": [Function],
  "findByText": [Function],
  "findByTitle": [Function],
  "getAllByAltText": [Function],
  "getAllByDisplayValue": [Function],
  "getAllByLabelText": [Function],
  "getAllByPlaceholderText": [Function],
  "getAllByRole": [Function],
  "getAllByTestId": [Function],
  "getAllByText": [Function],
  "getAllByTitle": [Function],
  "getByAltText": [Function],
  "getByDisplayValue": [Function],
  "getByLabelText": [Function],
  "getByPlaceholderText": [Function],
  "getByRole": [Function],
  "getByTestId": [Function],
  "getByText": [Function],
  "getByTitle": [Function],
  "queryAllByAltText": [Function],
  "queryAllByDisplayValue": [Function],
  "queryAllByLabelText": [Function],
  "queryAllByPlaceholderText": [Function],
  "queryAllByRole": [Function],
  "queryAllByTestId": [Function],
  "queryAllByText": [Function],
  "queryAllByTitle": [Function],
  "queryByAltText": [Function],
  "queryByDisplayValue": [Function],
  "queryByLabelText": [Function],
  "queryByPlaceholderText": [Function],
  "queryByRole": [Function],
  "queryByTestId": [Function],
  "queryByText": [Function],
  "queryByTitle": [Function],
  "rerender": [Function],
  "unmount": [Function],
}
`;
